# serializer version: 1
# name: TestScientificSoftware.test_NoCitation
  '''
  Processing 1 module...
    Processing 'ScientificSoftware' (1 of 1)...
  
  
  
  
    DONE! ([31;1m-1[0m, <scrubbed duration>)
  DONE! ([31;1m-1[0m, <scrubbed duration>)
  
  
  â•­â”€â”€â”€â”€â”€â”€â”€â”€â”€â”€â”€â”€â”€â”€â”€â”€â”€â”€â”€â”€â”€â”€â”€â”€â”€â”€â”€â”€â”€â”€â”€â”€â”€â”€â”€â”€â”€â”€â”€â”€â”€â”€â”€â”€â”€â”€â”€â”€â”€ ScientificSoftware â”€â”€â”€â”€â”€â”€â”€â”€â”€â”€â”€â”€â”€â”€â”€â”€â”€â”€â”€â”€â”€â”€â”€â”€â”€â”€â”€â”€â”€â”€â”€â”€â”€â”€â”€â”€â”€â”€â”€â”€â”€â”€â”€â”€â”€â”€â”€â”€â”€â•®
  â”‚                                                                                                                      â”‚
  â”‚ Validates existence of repository files for Scientific Software.                                                     â”‚
  â”‚                                                                                                                      â”‚
  â”‚                                                                                                                      â”‚
  â”‚ [37mSuccessful:     0 (0.00%)[0m                                                                                            â”‚
  â”‚ [37mWarnings:       0 (0.00%)[0m                                                                                            â”‚
  â”‚ [37mErrors:         1 (100.00%)[0m                                                                                          â”‚
  â”‚ [37mSkipped:        0 (0.00%)[0m                                                                                            â”‚
  â”‚                                                                                                                      â”‚
  â”‚ [31mâ•­â”€[0m[31m [Error] Citation [0m[31mâ”€â”€â”€â”€â”€â”€â”€â”€â”€â”€â”€â”€â”€â”€â”€â”€â”€â”€â”€â”€â”€â”€â”€â”€â”€â”€â”€â”€â”€â”€â”€â”€â”€â”€â”€â”€â”€â”€â”€â”€â”€â”€â”€â”€â”€â”€â”€â”€â”€â”€â”€â”€â”€â”€â”€â”€â”€â”€â”€â”€â”€â”€â”€â”€â”€â”€â”€â”€â”€â”€â”€â”€â”€â”€â”€â”€â”€â”€â”€â”€â”€â”€â”€â”€â”€â”€â”€â”€â”€â”€â”€â”€â”€â”€[0m[31mâ”€â•®[0m â”‚
  â”‚ [31mâ”‚[0m                                                                                                                  [31mâ”‚[0m â”‚
  â”‚ [31mâ”‚[0m Validates that CITATION file exists.                                                                             [31mâ”‚[0m â”‚
  â”‚ [31mâ”‚[0m                                                                                                                  [31mâ”‚[0m â”‚
  â”‚ [31mâ”‚[0m ERROR: No CITATION file found.                                                                                   [31mâ”‚[0m â”‚
  â”‚ [31mâ”‚[0m                                                                                                                  [31mâ”‚[0m â”‚
  â”‚ [31mâ”‚[0m Resolution                                                                                                       [31mâ”‚[0m â”‚
  â”‚ [31mâ”‚[0m ----------                                                                                                       [31mâ”‚[0m â”‚
  â”‚ [31mâ”‚[0m   1) Create a CITATION/CITATIONS file in in the root directory.                                                  [31mâ”‚[0m â”‚
  â”‚ [31mâ”‚[0m                                                                                                                  [31mâ”‚[0m â”‚
  â”‚ [31mâ”‚[0m   2) It can have any of the following extensions:                                                                [31mâ”‚[0m â”‚
  â”‚ [31mâ”‚[0m      -  e.g. `CITATION`                                                                                          [31mâ”‚[0m â”‚
  â”‚ [31mâ”‚[0m      - CITATION.cff                                                                                              [31mâ”‚[0m â”‚
  â”‚ [31mâ”‚[0m      - CITATION.md                                                                                               [31mâ”‚[0m â”‚
  â”‚ [31mâ”‚[0m      - CITATION.bib                                                                                              [31mâ”‚[0m â”‚
  â”‚ [31mâ”‚[0m                                                                                                                  [31mâ”‚[0m â”‚
  â”‚ [31mâ”‚[0m Rationale                                                                                                        [31mâ”‚[0m â”‚
  â”‚ [31mâ”‚[0m ---------                                                                                                        [31mâ”‚[0m â”‚
  â”‚ [31mâ”‚[0m   A citation file helps users correctly cite your software.                                                      [31mâ”‚[0m â”‚
  â”‚ [31mâ”‚[0m                                                                                                                  [31mâ”‚[0m â”‚
  â”‚ [31mâ”‚[0m   For more details, please see                                                                                   [31mâ”‚[0m â”‚
  â”‚ [31mâ”‚[0m   https://docs.github.com/en/repositories/managing-your-repositorys-settings-and-features/customizing-your-repos [31mâ”‚[0m â”‚
  â”‚ [31mâ”‚[0m itory/about-citation-files                                                                                       [31mâ”‚[0m â”‚
  â”‚ [31mâ”‚[0m                                                                                                                  [31mâ”‚[0m â”‚
  â”‚ [31mâ•°â”€â”€â”€â”€â”€â”€â”€â”€â”€â”€â”€â”€â”€â”€â”€â”€â”€â”€â”€â”€â”€â”€â”€â”€â”€â”€â”€â”€â”€â”€â”€â”€â”€â”€â”€â”€â”€â”€â”€â”€â”€â”€â”€â”€â”€â”€â”€â”€â”€â”€â”€â”€â”€â”€â”€â”€â”€â”€â”€â”€â”€â”€â”€â”€â”€â”€â”€â”€â”€â”€â”€â”€â”€â”€â”€â”€â”€â”€â”€â”€â”€â”€â”€â”€â”€â”€â”€â”€â”€â”€â”€â”€â”€â”€â”€â”€â”€â”€â”€â”€â”€â”€â”€â”€â”€â”€â”€â”€â”€â”€â”€â”€â”€â”€â•¯[0m â”‚
  â”‚ [37mâ•­â”€[0m[37m Metrics [0m[37mâ”€â”€â”€â”€â”€â”€â”€â”€â”€â”€â”€â”€â”€â”€â”€â”€â”€â”€â”€â”€â”€â”€â”€â”€â”€â”€â”€â”€â”€â”€â”€â”€â”€â”€â”€â”€â”€â”€â”€â”€â”€â”€â”€â”€â”€â”€â”€â”€â”€â”€â”€â”€â”€â”€â”€â”€â”€â”€â”€â”€â”€â”€â”€â”€â”€â”€â”€â”€â”€â”€â”€â”€â”€â”€â”€â”€â”€â”€â”€â”€â”€â”€â”€â”€â”€â”€â”€â”€â”€â”€â”€â”€â”€â”€â”€â”€â”€â”€â”€â”€â”€â”€â”€[0m[37mâ”€â•®[0m â”‚
  â”‚ [37mâ”‚[0m                                                                                                                  [37mâ”‚[0m â”‚
  â”‚ [37mâ”‚[0m                                                                                                                  [37mâ”‚[0m â”‚
  â”‚ [37mâ”‚[0m [37mSuccessful:     0 (0.00%)[0m                                                                                        [37mâ”‚[0m â”‚
  â”‚ [37mâ”‚[0m [37mWarnings:       0 (0.00%)[0m                                                                                        [37mâ”‚[0m â”‚
  â”‚ [37mâ”‚[0m [37mErrors:         1 (100.00%)[0m                                                                                      [37mâ”‚[0m â”‚
  â”‚ [37mâ”‚[0m [37mSkipped:        0 (0.00%)[0m                                                                                        [37mâ”‚[0m â”‚
  â”‚ [37mâ”‚[0m                                                                                                                  [37mâ”‚[0m â”‚
  â”‚ [37mâ•°â”€â”€â”€â”€â”€â”€â”€â”€â”€â”€â”€â”€â”€â”€â”€â”€â”€â”€â”€â”€â”€â”€â”€â”€â”€â”€â”€â”€â”€â”€â”€â”€â”€â”€â”€â”€â”€â”€â”€â”€â”€â”€â”€â”€â”€â”€â”€â”€â”€â”€â”€â”€â”€â”€â”€â”€â”€â”€â”€â”€â”€â”€â”€â”€â”€â”€â”€â”€â”€â”€â”€â”€â”€â”€â”€â”€â”€â”€â”€â”€â”€â”€â”€â”€â”€â”€â”€â”€â”€â”€â”€â”€â”€â”€â”€â”€â”€â”€â”€â”€â”€â”€â”€â”€â”€â”€â”€â”€â”€â”€â”€â”€â”€â”€â•¯[0m â”‚
  â”‚                                                                                                                      â”‚
  â•°â”€â”€â”€â”€â”€â”€â”€â”€â”€â”€â”€â”€â”€â”€â”€â”€â”€â”€â”€â”€â”€â”€â”€â”€â”€â”€â”€â”€â”€â”€â”€â”€â”€â”€â”€â”€â”€â”€â”€â”€â”€â”€â”€â”€â”€â”€â”€â”€â”€â”€â”€â”€â”€â”€â”€â”€â”€â”€â”€â”€â”€â”€â”€â”€â”€â”€â”€â”€â”€â”€â”€â”€â”€â”€â”€â”€â”€â”€â”€â”€â”€â”€â”€â”€â”€â”€â”€â”€â”€â”€â”€â”€â”€â”€â”€â”€â”€â”€â”€â”€â”€â”€â”€â”€â”€â”€â”€â”€â”€â”€â”€â”€â”€â”€â”€â”€â”€â”€â•¯
  
  Results: DONE! ([31;1m-1[0m, <scrubbed duration>)
  
  
  '''
# ---
